// Jest Snapshot v1, https://goo.gl/fbAQLP

exports[`Header component with Snapshot Testing shows custom text and image 1`] = `
<header
  className="dbhoxp"
>
  <div
    className="vBaYh"
  >
    <h1
      className="flyotb"
    >
      BLOG
    </h1>
  </div>
  <picture
    className="elFaZh"
  >
    <source
      srcSet="/static/images/posts/http://localhost:3000/static/images/posts/1*Wmv8hfi_bTHuHyV5CawnCw.webp"
      type="image/webp"
    />
    <source
      srcSet="/static/images/posts/http://localhost:3000/static/images/posts/1*Wmv8hfi_bTHuHyV5CawnCw.jpg"
      type="image/jpeg"
    />
    <img
      alt=""
      className="jXqHhq"
      data-source-url=""
      src="/static/images/posts/http://localhost:3000/static/images/posts/1*Wmv8hfi_bTHuHyV5CawnCw.jpg"
    />
  </picture>
</header>
`;
